[brom.c-kav.com/preview-demos/index-07.html]
[backblue.gif]
[fade.gif]
[index.html]
[brom.c-kav.com/preview-demos/images/favicons/favicon.ico]
[brom.c-kav.com/preview-demos/images/favicons/apple-touch-icon.png]
[brom.c-kav.com/preview-demos/images/favicons/apple-touch-icon-72x72.png]
[brom.c-kav.com/preview-demos/images/favicons/apple-touch-icon-114x114.png]
[brom.c-kav.com/preview-demos/fonticons/fontawesome/css/all.min.css]
[brom.c-kav.com/preview-demos/fonticons/et-line/et-line-font.css]
[brom.c-kav.com/preview-demos/fonticons/material-webfont/css/materialdesignicons.min.css]
[brom.c-kav.com/preview-demos/fonticons/pixeden/pe-icon-7-stroke.css]
[brom.c-kav.com/preview-demos/fonticons/simplelineicons/css/simple-line-icons.css]
[brom.c-kav.com/preview-demos/vendor/animate-css/animate.min.css]
[brom.c-kav.com/preview-demos/vendor/bootstrap/css/bootstrap.min.css]
[brom.c-kav.com/preview-demos/vendor/sweetalert/sweetalert2.min.css]
[brom.c-kav.com/preview-demos/vendor/jarallax/jarallax.css]
[brom.c-kav.com/preview-demos/vendor/owlcarousel/owl.carousel.min.css]
[brom.c-kav.com/preview-demos/vendor/magnific-popup/magnific-popup.css]
[brom.c-kav.com/preview-demos/css/template-custom.css]
[brom.c-kav.com/preview-demos/images/logo.png]
[brom.c-kav.com/preview-demos/images/bg-04.jpg]
[brom.c-kav.com/preview-demos/images/half-bg-01.jpg]
[brom.c-kav.com/preview-demos/images/grid-portfolio-01.jpg]
[brom.c-kav.com/preview-demos/minify/ckav_min.css]
[brom.c-kav.com/preview-demos/images/grid-portfolio-02.jpg]
[brom.c-kav.com/preview-demos/images/grid-portfolio-03.jpg]
[brom.c-kav.com/preview-demos/images/grid-portfolio-04.jpg]
[brom.c-kav.com/preview-demos/images/grid-portfolio-05.jpg]
[brom.c-kav.com/preview-demos/images/grid-portfolio-06.jpg]
[brom.c-kav.com/preview-demos/images/400x500-01.jpg]
[brom.c-kav.com/preview-demos/images/400x500-02.jpg]
[brom.c-kav.com/preview-demos/images/400x500-03.jpg]
[brom.c-kav.com/preview-demos/images/400x400-01.jpg]
[brom.c-kav.com/preview-demos/images/400x400-02.jpg]
[brom.c-kav.com/preview-demos/images/400x400-03.jpg]
[brom.c-kav.com/preview-demos/images/400x400-04.jpg]
[brom.c-kav.com/preview-demos/images/half-bg-02.jpg]
[brom.c-kav.com/preview-demos/vendor/jquery/jquery-3.3.1.min.js]
[brom.c-kav.com/preview-demos/vendor/jquery/jquery-migrate-3.0.0.min.js]
[brom.c-kav.com/preview-demos/vendor/popper/umd/popper.min.js]
[brom.c-kav.com/preview-demos/vendor/bootstrap/js/bootstrap.min.js]
[brom.c-kav.com/preview-demos/vendor/jquery-validation/jquery.validate.min.js]
[brom.c-kav.com/preview-demos/vendor/sweetalert/sweetalert2.min.js]
[brom.c-kav.com/preview-demos/vendor/jarallax/jarallax.min.js]
[brom.c-kav.com/preview-demos/vendor/owlcarousel/owl.carousel.min.js]
[brom.c-kav.com/preview-demos/vendor/swiper/js/swiper.min.js]
[brom.c-kav.com/preview-demos/vendor/jQuery-viewport-checker/jquery.viewportchecker.min.js]
[brom.c-kav.com/preview-demos/vendor/enquire/enquire.min.js]
[brom.c-kav.com/preview-demos/vendor/magnific-popup/jquery.magnific-popup.min.js]
[brom.c-kav.com/preview-demos/vendor/isotope/imagesloaded.pkgd.min.js]
[brom.c-kav.com/preview-demos/vendor/isotope/isotope.pkgd.min.js]
[brom.c-kav.com/preview-demos/vendor/isotope/packery-mode.pkgd.min.js]
[brom.c-kav.com/preview-demos/vendor/snow3d/ThreeCanvas.js]
[brom.c-kav.com/preview-demos/vendor/snow3d/Snow.js]
[brom.c-kav.com/preview-demos/vendor/snow3d/snow-effect.js]
[brom.c-kav.com/preview-demos/minify/ckav_min.js]
[brom.c-kav.com/preview-demos/index-07.html]
[brom.c-kav.com/preview-demos/images/favicons/apple-touch-icon.html]
[brom.c-kav.com/preview-demos/images/favicons/apple-touch-icon-72x72.html]
[brom.c-kav.com/preview-demos/images/favicons/apple-touch-icon-114x114.html]
[brom.c-kav.com/preview-demos/fonticons/fontawesome/webfonts/fa-brands-400.eot]
[brom.c-kav.com/preview-demos/fonticons/fontawesome/webfonts/fa-brands-400.woff2]
[brom.c-kav.com/preview-demos/fonticons/fontawesome/webfonts/fa-brands-400d41d.eot]
[brom.c-kav.com/preview-demos/fonticons/fontawesome/webfonts/fa-brands-400.woff]
[brom.c-kav.com/preview-demos/fonticons/fontawesome/webfonts/fa-brands-400.ttf]
[brom.c-kav.com/preview-demos/fonticons/fontawesome/webfonts/fa-regular-400.eot]
[brom.c-kav.com/preview-demos/fonticons/fontawesome/webfonts/fa-brands-400.svg]
[brom.c-kav.com/preview-demos/fonticons/fontawesome/webfonts/fa-regular-400.woff2]
[brom.c-kav.com/preview-demos/fonticons/fontawesome/webfonts/fa-regular-400d41d.eot]
[brom.c-kav.com/preview-demos/fonticons/fontawesome/webfonts/fa-regular-400.woff]
[brom.c-kav.com/preview-demos/fonticons/fontawesome/webfonts/fa-regular-400.ttf]
[brom.c-kav.com/preview-demos/fonticons/fontawesome/webfonts/fa-regular-400.svg]
[brom.c-kav.com/preview-demos/fonticons/fontawesome/webfonts/fa-solid-900.eot]
[brom.c-kav.com/preview-demos/fonticons/fontawesome/webfonts/fa-solid-900.woff2]
[brom.c-kav.com/preview-demos/fonticons/fontawesome/webfonts/fa-solid-900d41d.eot]
[brom.c-kav.com/preview-demos/fonticons/fontawesome/webfonts/fa-solid-900.woff]
[brom.c-kav.com/preview-demos/fonticons/fontawesome/webfonts/fa-solid-900.ttf]
[brom.c-kav.com/preview-demos/fonticons/fontawesome/webfonts/fa-solid-900.svg]
[brom.c-kav.com/preview-demos/fonticons/fontawesome/css/all.min.css]
[brom.c-kav.com/preview-demos/fonticons/et-line/et-line.eot]
[brom.c-kav.com/preview-demos/fonticons/et-line/et-lined41d.eot]
[brom.c-kav.com/preview-demos/fonticons/et-line/et-line.woff]
[brom.c-kav.com/preview-demos/fonticons/et-line/et-line.ttf]
[brom.c-kav.com/preview-demos/fonticons/et-line/et-line.svg]
[brom.c-kav.com/preview-demos/fonticons/et-line/et-line-font.css]
[brom.c-kav.com/preview-demos/fonticons/material-webfont/fonts/materialdesignicons-webfontcc3f.eot]
[brom.c-kav.com/preview-demos/fonticons/material-webfont/fonts/materialdesignicons-webfontd41d.eot]
[brom.c-kav.com/preview-demos/fonticons/material-webfont/fonts/materialdesignicons-webfontcc3f.woff2]
[brom.c-kav.com/preview-demos/fonticons/material-webfont/fonts/materialdesignicons-webfontcc3f.woff]
[brom.c-kav.com/preview-demos/fonticons/material-webfont/fonts/materialdesignicons-webfontcc3f.ttf]
[brom.c-kav.com/preview-demos/fonticons/material-webfont/fonts/materialdesignicons-webfontcc3f.svg]
[brom.c-kav.com/preview-demos/fonticons/material-webfont/css/materialdesignicons.min.css]
[brom.c-kav.com/preview-demos/fonticons/pixeden/Pe-icon-7-strokebb1d.eot]
[brom.c-kav.com/preview-demos/fonticons/pixeden/Pe-icon-7-stroked41d.eot]
[brom.c-kav.com/preview-demos/fonticons/pixeden/Pe-icon-7-strokebb1d.woff]
[brom.c-kav.com/preview-demos/fonticons/pixeden/Pe-icon-7-strokebb1d.ttf]
[brom.c-kav.com/preview-demos/fonticons/pixeden/pe-icon-7-stroke.css]
[brom.c-kav.com/preview-demos/fonticons/simplelineicons/fonts/Simple-Line-Iconsb26c.eot]
[brom.c-kav.com/preview-demos/fonticons/simplelineicons/fonts/Simple-Line-Iconsb26c.woff2]
[brom.c-kav.com/preview-demos/fonticons/simplelineicons/fonts/Simple-Line-Iconsb26c.ttf]
[brom.c-kav.com/preview-demos/fonticons/simplelineicons/fonts/Simple-Line-Iconsb26c.woff]
[brom.c-kav.com/preview-demos/fonticons/simplelineicons/fonts/Simple-Line-Iconsb26c.svg]
[brom.c-kav.com/preview-demos/fonticons/simplelineicons/css/simple-line-icons.css]
[brom.c-kav.com/preview-demos/vendor/animate-css/animate.min.css]
[brom.c-kav.com/preview-demos/vendor/bootstrap/css/bootstrap.min.css]
[brom.c-kav.com/preview-demos/vendor/sweetalert/sweetalert2.min.css]
[brom.c-kav.com/preview-demos/vendor/jarallax/jarallax.css]
[brom.c-kav.com/preview-demos/vendor/owlcarousel/owl.video.play.png]
[brom.c-kav.com/preview-demos/vendor/owlcarousel/owl.carousel.min.css]
[brom.c-kav.com/preview-demos/vendor/magnific-popup/magnific-popup.css]
[brom.c-kav.com/preview-demos/vendor/snow3d/snow-effect.css]
[brom.c-kav.com/preview-demos/minify/ckav_min.css]
[brom.c-kav.com/preview-demos/css/template-custom.css]
[brom.c-kav.com/preview-demos/images/bg-04.jpg]
[brom.c-kav.com/preview-demos/images/grid-portfolio-02.jpg]
[brom.c-kav.com/preview-demos/images/400x500-03.jpg]
[brom.c-kav.com/preview-demos/images/400x400-03.jpg]
[brom.c-kav.com/preview-demos/vendor/jquery/jquery-3.3.1.min.js]
[brom.c-kav.com/preview-demos/vendor/jquery/jquery-migrate-3.0.0.min.js]
[brom.c-kav.com/preview-demos/vendor/popper/umd/popper.min.js]
[brom.c-kav.com/preview-demos/popper.js]
[brom.c-kav.com/preview-demos/vendor/bootstrap/js/bootstrap.min.js]
[brom.c-kav.com/preview-demos/vendor/jquery-validation/jquery.validate.min.js]
[brom.c-kav.com/preview-demos/vendor/sweetalert/sweetalert2.min.js]
[brom.c-kav.com/preview-demos/vendor/jarallax/jarallax.min.js]
[brom.c-kav.com/preview-demos/Trident/index.html]
[brom.c-kav.com/preview-demos/vendor/owlcarousel/owl.carousel.min.js]
[brom.c-kav.com/preview-demos/Edge/index.html]
[brom.c-kav.com/preview-demos/vendor/swiper/js/swiper.min.js]
[brom.c-kav.com/preview-demos/Version/index.html]
[brom.c-kav.com/preview-demos/vendor/jQuery-viewport-checker/jquery.viewportchecker.min.js]
[brom.c-kav.com/preview-demos/version/index-2.html]
[brom.c-kav.com/preview-demos/vendor/enquire/enquire.min.js]
[brom.c-kav.com/preview-demos/vendor/magnific-popup/jquery.magnific-popup.min.js]
[brom.c-kav.com/preview-demos/vendor/isotope/imagesloaded.pkgd.min.js]
[brom.c-kav.com/preview-demos/vendor/isotope/isotope.pkgd.min.js]
[brom.c-kav.com/preview-demos/vendor/isotope/packery-mode.pkgd.min.js]
[brom.c-kav.com/preview-demos/vendor/snow3d/ThreeCanvas.js]
[brom.c-kav.com/preview-demos/vendor/snow3d/Snow.js]
[brom.c-kav.com/preview-demos/images/ParticleSmoke.png]
[brom.c-kav.com/preview-demos/vendor/snow3d/snow-effect.js]
[brom.c-kav.com/preview-demos/minify/ckav_min.js]
[brom.c-kav.com/preview-demos/fonticons/fontawesome/webfonts/fa-brands-400.svg]
[brom.c-kav.com/preview-demos/fonticons/fontawesome/webfonts/fa-regular-400.svg]
[brom.c-kav.com/preview-demos/fonticons/fontawesome/webfonts/fa-solid-900.eot]
[brom.c-kav.com/preview-demos/fonticons/fontawesome/webfonts/fa-solid-900.woff2]
[brom.c-kav.com/preview-demos/fonticons/fontawesome/webfonts/fa-solid-900.ttf]
[brom.c-kav.com/preview-demos/fonticons/fontawesome/webfonts/fa-solid-900.svg]
[brom.c-kav.com/preview-demos/fonticons/et-line/et-line.svg]
[brom.c-kav.com/preview-demos/fonticons/material-webfont/fonts/materialdesignicons-webfontcc3f.svg]
[brom.c-kav.com/preview-demos/fonticons/simplelineicons/fonts/Simple-Line-Iconsb26c.svg]
[brom.c-kav.com/preview-demos/vendor/owlcarousel/owl.video.play.html]
[brom.c-kav.com/preview-demos/popper.html]
[brom.c-kav.com/preview-demos/Trident/index.html]
[brom.c-kav.com/preview-demos/Edge/index.html]
[brom.c-kav.com/preview-demos/Version/index.html]
[brom.c-kav.com/preview-demos/version/index-2.html]
[brom.c-kav.com/preview-demos/fonticons/pixeden/Pe-icon-7-strokebb1d.svg]
[brom.c-kav.com/preview-demos/fonticons/pixeden/Pe-icon-7-strokebb1d.svg]
